# UVM_INFO verilog_src/questa_uvm_pkg-1.2/src/questa_uvm_pkg.sv(277) @ 0: reporter [Questa UVM] QUESTA_UVM-1.2.3
# UVM_INFO verilog_src/questa_uvm_pkg-1.2/src/questa_uvm_pkg.sv(278) @ 0: reporter [Questa UVM]  questa_uvm::init(+struct)
# UVM_INFO @ 0: reporter [RNTST] Running test axi_full_wrap_burst_write_read_test...
# UVM_INFO @ 0: reporter [UVMTOP] UVM testbench topology:
# ---------------------------------------------------------------------------
# Name                       Type                                 Size  Value
# ---------------------------------------------------------------------------
# uvm_test_top               axi_full_wrap_burst_write_read_test  -     @471 
#   axi_env_0                axi_env                              -     @478 
#     axi_agent_0            axi_agent                            -     @489 
#       axi_driver_0         axi_driver                           -     @511 
#         rsp_port           uvm_analysis_port                    -     @526 
#         seq_item_port      uvm_seq_item_pull_port               -     @518 
#       axi_monitor_0        axi_monitor                          -     @504 
#         dut_in_tx_port     uvm_analysis_port                    -     @644 
#         dut_out_tx_port    uvm_analysis_port                    -     @652 
#       axi_sequencer_0      uvm_sequencer                        -     @534 
#         rsp_export         uvm_analysis_export                  -     @541 
#         seq_item_export    uvm_seq_item_pull_imp                -     @635 
#         arbitration_queue  array                                0     -    
#         lock_queue         array                                0     -    
#         num_last_reqs      integral                             32    'd1  
#         num_last_rsps      integral                             32    'd1  
#     axi_scoreboard_0       axi_scoreboard                       -     @496 
#       in_fifo              uvm_tlm_analysis_fifo #(T)           -     @666 
#         analysis_export    uvm_analysis_imp                     -     @705 
#         get_ap             uvm_analysis_port                    -     @697 
#         get_peek_export    uvm_get_peek_imp                     -     @681 
#         put_ap             uvm_analysis_port                    -     @689 
#         put_export         uvm_put_imp                          -     @673 
#       in_imp               uvm_analysis_imp_in                  -     @760 
#       out_fifo             uvm_tlm_analysis_fifo #(T)           -     @713 
#         analysis_export    uvm_analysis_imp                     -     @752 
#         get_ap             uvm_analysis_port                    -     @744 
#         get_peek_export    uvm_get_peek_imp                     -     @728 
#         put_ap             uvm_analysis_port                    -     @736 
#         put_export         uvm_put_imp                          -     @720 
#       out_imp              uvm_analysis_imp_out                 -     @768 
# ---------------------------------------------------------------------------
# 
# UVM_INFO verilog_src/questa_uvm_pkg-1.2/src/questa_uvm_pkg.sv(339) @ 0: reporter [Questa UVM] End Of Elaboration
# UVM_INFO /home/users/i77031/Work/AXI_full/uvm//axi_monitor.sv(51) @ 0: uvm_test_top.axi_env_0.axi_agent_0.axi_monitor_0 [INPUT MON] 
# AXI_REQUEST          | x
# AXI_RESPONSE         | x
# mon_w_valid_o        | x
# mon_w_beat_count     | x
# mon_w_data_o         | x
# mon_w_addr_o         | x
# mon_r_last_o         | x
# mon_r_valid_o        | x
# mon_r_data_o         | x
# mon_r_addr_o         | x
# done_read            | x
# AXI BURST            | x
# W Ready              | x
# AW Last              | x
# 
# UVM_INFO /home/users/i77031/Work/AXI_full/uvm//axi_monitor.sv(87) @ 0: uvm_test_top.axi_env_0.axi_agent_0.axi_monitor_0 [OUTPUT MON] 
# AXI_REQUEST          | x
# AXI_RESPONSE         | 0
# mon_w_valid_o        | 0
# mon_w_beat_count     | 0
# mon_w_data_o         | 0
# mon_w_addr_o         | 0
# mon_r_last_o         | 0
# mon_r_valid_o        | 0
# mon_r_data_o         | 0
# mon_r_addr_o         | 0
# done_read            | 0
# AXI BURST            | x
# W Ready              | 0
# AW Last              | x
# 
# UVM_INFO /home/users/i77031/Work/AXI_full/uvm//axi_monitor.sv(87) @ 15000: uvm_test_top.axi_env_0.axi_agent_0.axi_monitor_0 [OUTPUT MON] 
# AXI_REQUEST          | x
# AXI_RESPONSE         | 0
# mon_w_valid_o        | 0
# mon_w_beat_count     | 0
# mon_w_data_o         | 0
# mon_w_addr_o         | 0
# mon_r_last_o         | 0
# mon_r_valid_o        | 0
# mon_r_data_o         | 0
# mon_r_addr_o         | 0
# done_read            | 0
# AXI BURST            | x
# W Ready              | 0
# AW Last              | x
# 
# UVM_INFO /home/users/i77031/Work/AXI_full/uvm//axi_monitor.sv(51) @ 15000: uvm_test_top.axi_env_0.axi_agent_0.axi_monitor_0 [INPUT MON] 
# AXI_REQUEST          | 0
# AXI_RESPONSE         | x
# mon_w_valid_o        | x
# mon_w_beat_count     | x
# mon_w_data_o         | x
# mon_w_addr_o         | x
# mon_r_last_o         | x
# mon_r_valid_o        | x
# mon_r_data_o         | x
# mon_r_addr_o         | x
# done_read            | x
# AXI BURST            | 0
# W Ready              | x
# AW Last              | 0
# 
# UVM_INFO /home/users/i77031/Work/AXI_full/uvm//axi_transaction.sv(262) @ 15000: uvm_test_top.axi_env_0.axi_agent_0.axi_sequencer_0@@axi_wrap_wr_rd_seq [uvm_test_top.axi_env_0.axi_agent_0.axi_sequencer_0.axi_wrap_wr_rd_seq] Generating Wrap Burst Write sequence
# UVM_INFO /home/users/i77031/Work/AXI_full/uvm//axi_driver.sv(124) @ 25000: uvm_test_top.axi_env_0.axi_agent_0.axi_driver_0 [uvm_test_top.axi_env_0.axi_agent_0.axi_driver_0] Got AW Ready
# UVM_INFO /home/users/i77031/Work/AXI_full/uvm//axi_monitor.sv(120) @ 25000: uvm_test_top.axi_env_0.axi_agent_0.axi_monitor_0 [AW MON] AW Phase = 1
# UVM_INFO /home/users/i77031/Work/AXI_full/uvm//axi_monitor.sv(51) @ 25000: uvm_test_top.axi_env_0.axi_agent_0.axi_monitor_0 [INPUT MON] 
# AXI_REQUEST          | 806a000001000000000000000000000000000
# AXI_RESPONSE         | x
# mon_w_valid_o        | x
# mon_w_beat_count     | x
# mon_w_data_o         | x
# mon_w_addr_o         | x
# mon_r_last_o         | x
# mon_r_valid_o        | x
# mon_r_data_o         | x
# mon_r_addr_o         | x
# done_read            | x
# AXI BURST            | 2
# W Ready              | x
# AW Last              | 0
# 
# UVM_INFO /home/users/i77031/Work/AXI_full/uvm//axi_monitor.sv(87) @ 25000: uvm_test_top.axi_env_0.axi_agent_0.axi_monitor_0 [OUTPUT MON] 
# AXI_REQUEST          | x
# AXI_RESPONSE         | c000000000000
# mon_w_valid_o        | 0
# mon_w_beat_count     | 0
# mon_w_data_o         | 0
# mon_w_addr_o         | 0
# mon_r_last_o         | 0
# mon_r_valid_o        | 0
# mon_r_data_o         | 0
# mon_r_addr_o         | 0
# done_read            | 0
# AXI BURST            | x
# W Ready              | 0
# AW Last              | x
# 
# UVM_INFO /home/users/i77031/Work/AXI_full/uvm//axi_monitor.sv(87) @ 35000: uvm_test_top.axi_env_0.axi_agent_0.axi_monitor_0 [OUTPUT MON] 
# AXI_REQUEST          | x
# AXI_RESPONSE         | c000000000000
# mon_w_valid_o        | 0
# mon_w_beat_count     | 0
# mon_w_data_o         | 0
# mon_w_addr_o         | 0
# mon_r_last_o         | 0
# mon_r_valid_o        | 0
# mon_r_data_o         | 0
# mon_r_addr_o         | 0
# done_read            | 0
# AXI BURST            | x
# W Ready              | 0
# AW Last              | x
# 
# UVM_INFO /home/users/i77031/Work/AXI_full/uvm//axi_monitor.sv(51) @ 35000: uvm_test_top.axi_env_0.axi_agent_0.axi_monitor_0 [INPUT MON] 
# AXI_REQUEST          | 806a000000000000000000000000000000000
# AXI_RESPONSE         | x
# mon_w_valid_o        | x
# mon_w_beat_count     | x
# mon_w_data_o         | x
# mon_w_addr_o         | x
# mon_r_last_o         | x
# mon_r_valid_o        | x
# mon_r_data_o         | x
# mon_r_addr_o         | x
# done_read            | x
# AXI BURST            | 2
# W Ready              | x
# AW Last              | 0
# 
# Writing data channel
# UVM_INFO /home/users/i77031/Work/AXI_full/uvm//axi_driver.sv(80) @ 45000: uvm_test_top.axi_env_0.axi_agent_0.axi_driver_0 [uvm_test_top.axi_env_0.axi_agent_0.axi_driver_0] Got W Ready
# UVM_INFO /home/users/i77031/Work/AXI_full/uvm//axi_monitor.sv(126) @ 45000: uvm_test_top.axi_env_0.axi_agent_0.axi_monitor_0 [W MON] Burst data = '{4065, x, x, x, x, x, x, x, x, x}
# UVM_INFO /home/users/i77031/Work/AXI_full/uvm//axi_monitor.sv(133) @ 45000: uvm_test_top.axi_env_0.axi_agent_0.axi_monitor_0 [W MON] W Phase beat number =  1
# UVM_INFO /home/users/i77031/Work/AXI_full/uvm//axi_monitor.sv(51) @ 45000: uvm_test_top.axi_env_0.axi_agent_0.axi_monitor_0 [INPUT MON] 
# AXI_REQUEST          | 806a00000000000fe1f300000000000000000
# AXI_RESPONSE         | x
# mon_w_valid_o        | x
# mon_w_beat_count     | x
# mon_w_data_o         | x
# mon_w_addr_o         | x
# mon_r_last_o         | x
# mon_r_valid_o        | x
# mon_r_data_o         | x
# mon_r_addr_o         | x
# done_read            | x
# AXI BURST            | 2
# W Ready              | x
# AW Last              | 0
# 
# UVM_INFO /home/users/i77031/Work/AXI_full/uvm//axi_monitor.sv(87) @ 45000: uvm_test_top.axi_env_0.axi_agent_0.axi_monitor_0 [OUTPUT MON] 
# AXI_REQUEST          | x
# AXI_RESPONSE         | e000000000000
# mon_w_valid_o        | 0
# mon_w_beat_count     | 0
# mon_w_data_o         | 0
# mon_w_addr_o         | 0
# mon_r_last_o         | 0
# mon_r_valid_o        | 0
# mon_r_data_o         | 0
# mon_r_addr_o         | 0
# done_read            | 0
# AXI BURST            | x
# W Ready              | 1
# AW Last              | x
# 
# UVM_INFO /home/users/i77031/Work/AXI_full/uvm//axi_monitor.sv(87) @ 55000: uvm_test_top.axi_env_0.axi_agent_0.axi_monitor_0 [OUTPUT MON] 
# AXI_REQUEST          | x
# AXI_RESPONSE         | e000000000000
# mon_w_valid_o        | 0
# mon_w_beat_count     | 0
# mon_w_data_o         | 0
# mon_w_addr_o         | 0
# mon_r_last_o         | 0
# mon_r_valid_o        | 0
# mon_r_data_o         | 0
# mon_r_addr_o         | 0
# done_read            | 0
# AXI BURST            | x
# W Ready              | 1
# AW Last              | x
# 
# UVM_INFO /home/users/i77031/Work/AXI_full/uvm//axi_monitor.sv(51) @ 55000: uvm_test_top.axi_env_0.axi_agent_0.axi_monitor_0 [INPUT MON] 
# AXI_REQUEST          | 806a00000000000fe1f100000000000000000
# AXI_RESPONSE         | x
# mon_w_valid_o        | x
# mon_w_beat_count     | x
# mon_w_data_o         | x
# mon_w_addr_o         | x
# mon_r_last_o         | x
# mon_r_valid_o        | x
# mon_r_data_o         | x
# mon_r_addr_o         | x
# done_read            | x
# AXI BURST            | 2
# W Ready              | x
# AW Last              | 0
# 
# UVM_INFO /home/users/i77031/Work/AXI_full/uvm//axi_driver.sv(80) @ 65000: uvm_test_top.axi_env_0.axi_agent_0.axi_driver_0 [uvm_test_top.axi_env_0.axi_agent_0.axi_driver_0] Got W Ready
# UVM_INFO /home/users/i77031/Work/AXI_full/uvm//axi_monitor.sv(126) @ 65000: uvm_test_top.axi_env_0.axi_agent_0.axi_monitor_0 [W MON] Burst data = '{4065, 55810, x, x, x, x, x, x, x, x}
# UVM_INFO /home/users/i77031/Work/AXI_full/uvm//axi_monitor.sv(133) @ 65000: uvm_test_top.axi_env_0.axi_agent_0.axi_monitor_0 [W MON] W Phase beat number =  2
# UVM_INFO /home/users/i77031/Work/AXI_full/uvm//axi_monitor.sv(51) @ 65000: uvm_test_top.axi_env_0.axi_agent_0.axi_monitor_0 [INPUT MON] 
# AXI_REQUEST          | 806a0000000000da02f300000000000000000
# AXI_RESPONSE         | x
# mon_w_valid_o        | x
# mon_w_beat_count     | x
# mon_w_data_o         | x
# mon_w_addr_o         | x
# mon_r_last_o         | x
# mon_r_valid_o        | x
# mon_r_data_o         | x
# mon_r_addr_o         | x
# done_read            | x
# AXI BURST            | 2
# W Ready              | x
# AW Last              | 0
# 
# UVM_INFO /home/users/i77031/Work/AXI_full/uvm//axi_monitor.sv(87) @ 65000: uvm_test_top.axi_env_0.axi_agent_0.axi_monitor_0 [OUTPUT MON] 
# AXI_REQUEST          | x
# AXI_RESPONSE         | e000000000000
# mon_w_valid_o        | 1
# mon_w_beat_count     | 0
# mon_w_data_o         | fe1
# mon_w_addr_o         | 4
# mon_r_last_o         | 0
# mon_r_valid_o        | 0
# mon_r_data_o         | 0
# mon_r_addr_o         | 0
# done_read            | 0
# AXI BURST            | x
# W Ready              | 1
# AW Last              | x
# 
# UVM_INFO /home/users/i77031/Work/AXI_full/uvm//axi_monitor.sv(87) @ 75000: uvm_test_top.axi_env_0.axi_agent_0.axi_monitor_0 [OUTPUT MON] 
# AXI_REQUEST          | x
# AXI_RESPONSE         | e000000000000
# mon_w_valid_o        | 0
# mon_w_beat_count     | 0
# mon_w_data_o         | 0
# mon_w_addr_o         | 0
# mon_r_last_o         | 0
# mon_r_valid_o        | 0
# mon_r_data_o         | 0
# mon_r_addr_o         | 0
# done_read            | 0
# AXI BURST            | x
# W Ready              | 1
# AW Last              | x
# 
# UVM_INFO /home/users/i77031/Work/AXI_full/uvm//axi_monitor.sv(51) @ 75000: uvm_test_top.axi_env_0.axi_agent_0.axi_monitor_0 [INPUT MON] 
# AXI_REQUEST          | 806a0000000000da02f100000000000000000
# AXI_RESPONSE         | x
# mon_w_valid_o        | x
# mon_w_beat_count     | x
# mon_w_data_o         | x
# mon_w_addr_o         | x
# mon_r_last_o         | x
# mon_r_valid_o        | x
# mon_r_data_o         | x
# mon_r_addr_o         | x
# done_read            | x
# AXI BURST            | 2
# W Ready              | x
# AW Last              | 0
# 
# UVM_INFO /home/users/i77031/Work/AXI_full/uvm//axi_driver.sv(80) @ 85000: uvm_test_top.axi_env_0.axi_agent_0.axi_driver_0 [uvm_test_top.axi_env_0.axi_agent_0.axi_driver_0] Got W Ready
# UVM_INFO /home/users/i77031/Work/AXI_full/uvm//axi_monitor.sv(126) @ 85000: uvm_test_top.axi_env_0.axi_agent_0.axi_monitor_0 [W MON] Burst data = '{4065, 55810, 52739, x, x, x, x, x, x, x}
# UVM_INFO /home/users/i77031/Work/AXI_full/uvm//axi_monitor.sv(133) @ 85000: uvm_test_top.axi_env_0.axi_agent_0.axi_monitor_0 [W MON] W Phase beat number =  3
# UVM_INFO /home/users/i77031/Work/AXI_full/uvm//axi_monitor.sv(51) @ 85000: uvm_test_top.axi_env_0.axi_agent_0.axi_monitor_0 [INPUT MON] 
# AXI_REQUEST          | 806a0000000000ce03f300000000000000000
# AXI_RESPONSE         | x
# mon_w_valid_o        | x
# mon_w_beat_count     | x
# mon_w_data_o         | x
# mon_w_addr_o         | x
# mon_r_last_o         | x
# mon_r_valid_o        | x
# mon_r_data_o         | x
# mon_r_addr_o         | x
# done_read            | x
# AXI BURST            | 2
# W Ready              | x
# AW Last              | 0
# 
# UVM_INFO /home/users/i77031/Work/AXI_full/uvm//axi_monitor.sv(87) @ 85000: uvm_test_top.axi_env_0.axi_agent_0.axi_monitor_0 [OUTPUT MON] 
# AXI_REQUEST          | x
# AXI_RESPONSE         | e000000000000
# mon_w_valid_o        | 1
# mon_w_beat_count     | 1
# mon_w_data_o         | da02
# mon_w_addr_o         | 8
# mon_r_last_o         | 0
# mon_r_valid_o        | 0
# mon_r_data_o         | 0
# mon_r_addr_o         | 0
# done_read            | 0
# AXI BURST            | x
# W Ready              | 1
# AW Last              | x
# 
# UVM_INFO /home/users/i77031/Work/AXI_full/uvm//axi_monitor.sv(87) @ 95000: uvm_test_top.axi_env_0.axi_agent_0.axi_monitor_0 [OUTPUT MON] 
# AXI_REQUEST          | x
# AXI_RESPONSE         | e000000000000
# mon_w_valid_o        | 0
# mon_w_beat_count     | 0
# mon_w_data_o         | 0
# mon_w_addr_o         | 0
# mon_r_last_o         | 0
# mon_r_valid_o        | 0
# mon_r_data_o         | 0
# mon_r_addr_o         | 0
# done_read            | 0
# AXI BURST            | x
# W Ready              | 1
# AW Last              | x
# 
# UVM_INFO /home/users/i77031/Work/AXI_full/uvm//axi_monitor.sv(51) @ 95000: uvm_test_top.axi_env_0.axi_agent_0.axi_monitor_0 [INPUT MON] 
# AXI_REQUEST          | 806a0000000000ce03f100000000000000000
# AXI_RESPONSE         | x
# mon_w_valid_o        | x
# mon_w_beat_count     | x
# mon_w_data_o         | x
# mon_w_addr_o         | x
# mon_r_last_o         | x
# mon_r_valid_o        | x
# mon_r_data_o         | x
# mon_r_addr_o         | x
# done_read            | x
# AXI BURST            | 2
# W Ready              | x
# AW Last              | 0
# 
# UVM_INFO /home/users/i77031/Work/AXI_full/uvm//axi_driver.sv(80) @ 105000: uvm_test_top.axi_env_0.axi_agent_0.axi_driver_0 [uvm_test_top.axi_env_0.axi_agent_0.axi_driver_0] Got W Ready
# UVM_INFO /home/users/i77031/Work/AXI_full/uvm//axi_monitor.sv(126) @ 105000: uvm_test_top.axi_env_0.axi_agent_0.axi_monitor_0 [W MON] Burst data = '{4065, 55810, 52739, 39684, x, x, x, x, x, x}
# UVM_INFO /home/users/i77031/Work/AXI_full/uvm//axi_monitor.sv(133) @ 105000: uvm_test_top.axi_env_0.axi_agent_0.axi_monitor_0 [W MON] W Phase beat number =  4
# UVM_INFO /home/users/i77031/Work/AXI_full/uvm//axi_monitor.sv(137) @ 105000: uvm_test_top.axi_env_0.axi_agent_0.axi_monitor_0 [W MON] W Phase completed = 1
# UVM_INFO /home/users/i77031/Work/AXI_full/uvm//axi_monitor.sv(51) @ 105000: uvm_test_top.axi_env_0.axi_agent_0.axi_monitor_0 [INPUT MON] 
# AXI_REQUEST          | 806a00000000009b04fb00000000000000000
# AXI_RESPONSE         | x
# mon_w_valid_o        | x
# mon_w_beat_count     | x
# mon_w_data_o         | x
# mon_w_addr_o         | x
# mon_r_last_o         | x
# mon_r_valid_o        | x
# mon_r_data_o         | x
# mon_r_addr_o         | x
# done_read            | x
# AXI BURST            | 2
# W Ready              | x
# AW Last              | 1
# 
# UVM_INFO /home/users/i77031/Work/AXI_full/uvm//axi_monitor.sv(87) @ 105000: uvm_test_top.axi_env_0.axi_agent_0.axi_monitor_0 [OUTPUT MON] 
# AXI_REQUEST          | x
# AXI_RESPONSE         | e000000000000
# mon_w_valid_o        | 1
# mon_w_beat_count     | 2
# mon_w_data_o         | ce03
# mon_w_addr_o         | c
# mon_r_last_o         | 0
# mon_r_valid_o        | 0
# mon_r_data_o         | 0
# mon_r_addr_o         | 0
# done_read            | 0
# AXI BURST            | x
# W Ready              | 1
# AW Last              | x
# 
# UVM_INFO /home/users/i77031/Work/AXI_full/uvm//axi_monitor.sv(99) @ 115000: uvm_test_top.axi_env_0.axi_agent_0.axi_monitor_0 [R MON] Trans Burst data = '{x, x, x, x, x, x, x, x, x, x}
# UVM_INFO /home/users/i77031/Work/AXI_full/uvm//axi_monitor.sv(87) @ 115000: uvm_test_top.axi_env_0.axi_agent_0.axi_monitor_0 [OUTPUT MON] 
# AXI_REQUEST          | x
# AXI_RESPONSE         | e000000000000
# mon_w_valid_o        | 0
# mon_w_beat_count     | 0
# mon_w_data_o         | 0
# mon_w_addr_o         | 0
# mon_r_last_o         | 0
# mon_r_valid_o        | 0
# mon_r_data_o         | 0
# mon_r_addr_o         | 0
# done_read            | 0
# AXI BURST            | x
# W Ready              | 1
# AW Last              | x
# 
# UVM_INFO /home/users/i77031/Work/AXI_full/uvm//axi_monitor.sv(69) @ 115000: uvm_test_top.axi_env_0.axi_agent_0.axi_monitor_0 [MON_TO_SCOREBOARD] Burst data = '{4065, 55810, 52739, 39684, x, x, x, x, x, x}
# UVM_INFO /home/users/i77031/Work/AXI_full/uvm//axi_monitor.sv(70) @ 115000: uvm_test_top.axi_env_0.axi_agent_0.axi_monitor_0 [MON_TO_SCOREBOARD] Read Write = 1
# UVM_INFO /home/users/i77031/Work/AXI_full/uvm//axi_monitor.sv(51) @ 115000: uvm_test_top.axi_env_0.axi_agent_0.axi_monitor_0 [INPUT MON] 
# AXI_REQUEST          | 806a00000000009b04f900000000000000000
# AXI_RESPONSE         | x
# mon_w_valid_o        | x
# mon_w_beat_count     | x
# mon_w_data_o         | x
# mon_w_addr_o         | x
# mon_r_last_o         | x
# mon_r_valid_o        | x
# mon_r_data_o         | x
# mon_r_addr_o         | x
# done_read            | x
# AXI BURST            | 2
# W Ready              | x
# AW Last              | 1
# 
# UVM_INFO /home/users/i77031/Work/AXI_full/uvm//axi_scoreboard.sv(98) @ 115000: uvm_test_top.axi_env_0.axi_scoreboard_0 [SCOREBOARD TX IN] 
# AXI_REQUEST          | 806a00000000009b04fb00000000000000000
# AXI_RESPONSE         | x
# mon_w_valid_o        | x
# mon_w_beat_count     | x
# mon_w_data_o         | x
# mon_w_addr_o         | x
# mon_r_last_o         | x
# mon_r_valid_o        | x
# mon_r_data_o         | x
# mon_r_addr_o         | x
# done_read            | x
# AXI BURST            | 2
# W Ready              | x
# AW Last              | 1
# 
# UVM_INFO /home/users/i77031/Work/AXI_full/uvm//axi_scoreboard.sv(104) @ 115000: uvm_test_top.axi_env_0.axi_scoreboard_0 [SCOREBOARD TX OUT] 
# AXI_REQUEST          | x
# AXI_RESPONSE         | e000000000000
# mon_w_valid_o        | 1
# mon_w_beat_count     | 2
# mon_w_data_o         | ce03
# mon_w_addr_o         | c
# mon_r_last_o         | 0
# mon_r_valid_o        | 0
# mon_r_data_o         | 0
# mon_r_addr_o         | 0
# done_read            | 0
# AXI BURST            | x
# W Ready              | 1
# AW Last              | x
# 
# UVM_INFO /home/users/i77031/Work/AXI_full/uvm//axi_scoreboard.sv(158) @ 115000: uvm_test_top.axi_env_0.axi_scoreboard_0 [FUNC TX IN] 
# AXI_REQUEST          | 806a00000000009b04fb00000000000000000
# AXI_RESPONSE         | x
# mon_w_valid_o        | x
# mon_w_beat_count     | x
# mon_w_data_o         | x
# mon_w_addr_o         | x
# mon_r_last_o         | x
# mon_r_valid_o        | x
# mon_r_data_o         | x
# mon_r_addr_o         | x
# done_read            | x
# AXI BURST            | 2
# W Ready              | x
# AW Last              | 1
# 
# UVM_INFO /home/users/i77031/Work/AXI_full/uvm//axi_scoreboard.sv(161) @ 115000: uvm_test_top.axi_env_0.axi_scoreboard_0 [uvm_test_top.axi_env_0.axi_scoreboard_0] Burst type = 10
# UVM_INFO /home/users/i77031/Work/AXI_full/uvm//axi_scoreboard.sv(178) @ 115000: uvm_test_top.axi_env_0.axi_scoreboard_0 [uvm_test_top.axi_env_0.axi_scoreboard_0] Calculating burst addr for wrapping burst
# UVM_INFO /home/users/i77031/Work/AXI_full/uvm//axi_scoreboard.sv(181) @ 115000: uvm_test_top.axi_env_0.axi_scoreboard_0 [uvm_test_top.axi_env_0.axi_scoreboard_0] Wrap boundary =         16
# UVM_INFO /home/users/i77031/Work/AXI_full/uvm//axi_scoreboard.sv(182) @ 115000: uvm_test_top.axi_env_0.axi_scoreboard_0 [uvm_test_top.axi_env_0.axi_scoreboard_0] Wrapping burst addr =          4
# UVM_INFO /home/users/i77031/Work/AXI_full/uvm//axi_scoreboard.sv(206) @ 115000: uvm_test_top.axi_env_0.axi_scoreboard_0 [uvm_test_top.axi_env_0.axi_scoreboard_0] Wrapping burst
# UVM_INFO /home/users/i77031/Work/AXI_full/uvm//axi_scoreboard.sv(207) @ 115000: uvm_test_top.axi_env_0.axi_scoreboard_0 [uvm_test_top.axi_env_0.axi_scoreboard_0] Burst data = '{4065, 55810, 52739, 39684, x, x, x, x, x, x}
# UVM_INFO /home/users/i77031/Work/AXI_full/uvm//axi_scoreboard.sv(208) @ 115000: uvm_test_top.axi_env_0.axi_scoreboard_0 [uvm_test_top.axi_env_0.axi_scoreboard_0] Single data = 0xfe1
# UVM_INFO /home/users/i77031/Work/AXI_full/uvm//axi_scoreboard.sv(211) @ 115000: uvm_test_top.axi_env_0.axi_scoreboard_0 [uvm_test_top.axi_env_0.axi_scoreboard_0] Addr = 0x4
# UVM_INFO /home/users/i77031/Work/AXI_full/uvm//axi_scoreboard.sv(212) @ 115000: uvm_test_top.axi_env_0.axi_scoreboard_0 [uvm_test_top.axi_env_0.axi_scoreboard_0] Item Queue = 0xfe1
# UVM_INFO /home/users/i77031/Work/AXI_full/uvm//axi_scoreboard.sv(206) @ 115000: uvm_test_top.axi_env_0.axi_scoreboard_0 [uvm_test_top.axi_env_0.axi_scoreboard_0] Wrapping burst
# UVM_INFO /home/users/i77031/Work/AXI_full/uvm//axi_scoreboard.sv(207) @ 115000: uvm_test_top.axi_env_0.axi_scoreboard_0 [uvm_test_top.axi_env_0.axi_scoreboard_0] Burst data = '{4065, 55810, 52739, 39684, x, x, x, x, x, x}
# UVM_INFO /home/users/i77031/Work/AXI_full/uvm//axi_scoreboard.sv(208) @ 115000: uvm_test_top.axi_env_0.axi_scoreboard_0 [uvm_test_top.axi_env_0.axi_scoreboard_0] Single data = 0xda02
# UVM_INFO /home/users/i77031/Work/AXI_full/uvm//axi_scoreboard.sv(211) @ 115000: uvm_test_top.axi_env_0.axi_scoreboard_0 [uvm_test_top.axi_env_0.axi_scoreboard_0] Addr = 0x8
# UVM_INFO /home/users/i77031/Work/AXI_full/uvm//axi_scoreboard.sv(212) @ 115000: uvm_test_top.axi_env_0.axi_scoreboard_0 [uvm_test_top.axi_env_0.axi_scoreboard_0] Item Queue = 0xda02
# UVM_INFO /home/users/i77031/Work/AXI_full/uvm//axi_scoreboard.sv(206) @ 115000: uvm_test_top.axi_env_0.axi_scoreboard_0 [uvm_test_top.axi_env_0.axi_scoreboard_0] Wrapping burst
# UVM_INFO /home/users/i77031/Work/AXI_full/uvm//axi_scoreboard.sv(207) @ 115000: uvm_test_top.axi_env_0.axi_scoreboard_0 [uvm_test_top.axi_env_0.axi_scoreboard_0] Burst data = '{4065, 55810, 52739, 39684, x, x, x, x, x, x}
# UVM_INFO /home/users/i77031/Work/AXI_full/uvm//axi_scoreboard.sv(208) @ 115000: uvm_test_top.axi_env_0.axi_scoreboard_0 [uvm_test_top.axi_env_0.axi_scoreboard_0] Single data = 0xce03
# UVM_INFO /home/users/i77031/Work/AXI_full/uvm//axi_scoreboard.sv(211) @ 115000: uvm_test_top.axi_env_0.axi_scoreboard_0 [uvm_test_top.axi_env_0.axi_scoreboard_0] Addr = 0xc
# UVM_INFO /home/users/i77031/Work/AXI_full/uvm//axi_scoreboard.sv(212) @ 115000: uvm_test_top.axi_env_0.axi_scoreboard_0 [uvm_test_top.axi_env_0.axi_scoreboard_0] Item Queue = 0xce03
# UVM_INFO /home/users/i77031/Work/AXI_full/uvm//axi_scoreboard.sv(206) @ 115000: uvm_test_top.axi_env_0.axi_scoreboard_0 [uvm_test_top.axi_env_0.axi_scoreboard_0] Wrapping burst
# UVM_INFO /home/users/i77031/Work/AXI_full/uvm//axi_scoreboard.sv(207) @ 115000: uvm_test_top.axi_env_0.axi_scoreboard_0 [uvm_test_top.axi_env_0.axi_scoreboard_0] Burst data = '{4065, 55810, 52739, 39684, x, x, x, x, x, x}
# UVM_INFO /home/users/i77031/Work/AXI_full/uvm//axi_scoreboard.sv(208) @ 115000: uvm_test_top.axi_env_0.axi_scoreboard_0 [uvm_test_top.axi_env_0.axi_scoreboard_0] Single data = 0x9b04
# UVM_INFO /home/users/i77031/Work/AXI_full/uvm//axi_scoreboard.sv(211) @ 115000: uvm_test_top.axi_env_0.axi_scoreboard_0 [uvm_test_top.axi_env_0.axi_scoreboard_0] Addr = 0x0
# UVM_INFO /home/users/i77031/Work/AXI_full/uvm//axi_scoreboard.sv(212) @ 115000: uvm_test_top.axi_env_0.axi_scoreboard_0 [uvm_test_top.axi_env_0.axi_scoreboard_0] Item Queue = 0x9b04
# UVM_INFO /home/users/i77031/Work/AXI_full/uvm//axi_driver.sv(93) @ 125000: uvm_test_top.axi_env_0.axi_agent_0.axi_driver_0 [uvm_test_top.axi_env_0.axi_agent_0.axi_driver_0] Got B Valid
# UVM_INFO /home/users/i77031/Work/AXI_full/uvm//axi_monitor.sv(51) @ 125000: uvm_test_top.axi_env_0.axi_agent_0.axi_monitor_0 [INPUT MON] 
# AXI_REQUEST          | 806a00000000009b04f900000000000000000
# AXI_RESPONSE         | x
# mon_w_valid_o        | x
# mon_w_beat_count     | x
# mon_w_data_o         | x
# mon_w_addr_o         | x
# mon_r_last_o         | x
# mon_r_valid_o        | x
# mon_r_data_o         | x
# mon_r_addr_o         | x
# done_read            | x
# AXI BURST            | 2
# W Ready              | x
# AW Last              | 1
# 
# UVM_INFO /home/users/i77031/Work/AXI_full/uvm//axi_monitor.sv(99) @ 125000: uvm_test_top.axi_env_0.axi_agent_0.axi_monitor_0 [R MON] Trans Burst data = '{x, x, x, x, x, x, x, x, x, x}
# UVM_INFO /home/users/i77031/Work/AXI_full/uvm//axi_monitor.sv(87) @ 125000: uvm_test_top.axi_env_0.axi_agent_0.axi_monitor_0 [OUTPUT MON] 
# AXI_REQUEST          | x
# AXI_RESPONSE         | d000000000000
# mon_w_valid_o        | 1
# mon_w_beat_count     | 3
# mon_w_data_o         | 9b04
# mon_w_addr_o         | 0
# mon_r_last_o         | 0
# mon_r_valid_o        | 0
# mon_r_data_o         | 0
# mon_r_addr_o         | 0
# done_read            | 0
# AXI BURST            | x
# W Ready              | 0
# AW Last              | x
# 
# UVM_INFO /home/users/i77031/Work/AXI_full/uvm//axi_monitor.sv(87) @ 135000: uvm_test_top.axi_env_0.axi_agent_0.axi_monitor_0 [OUTPUT MON] 
# AXI_REQUEST          | x
# AXI_RESPONSE         | c000000000000
# mon_w_valid_o        | 0
# mon_w_beat_count     | 0
# mon_w_data_o         | 0
# mon_w_addr_o         | 0
# mon_r_last_o         | 0
# mon_r_valid_o        | 0
# mon_r_data_o         | 0
# mon_r_addr_o         | 0
# done_read            | 0
# AXI BURST            | x
# W Ready              | 0
# AW Last              | x
# 
# UVM_INFO /home/users/i77031/Work/AXI_full/uvm//axi_monitor.sv(51) @ 135000: uvm_test_top.axi_env_0.axi_agent_0.axi_monitor_0 [INPUT MON] 
# AXI_REQUEST          | 806a00000000009b04f800000000000000000
# AXI_RESPONSE         | x
# mon_w_valid_o        | x
# mon_w_beat_count     | x
# mon_w_data_o         | x
# mon_w_addr_o         | x
# mon_r_last_o         | x
# mon_r_valid_o        | x
# mon_r_data_o         | x
# mon_r_addr_o         | x
# done_read            | x
# AXI BURST            | 2
# W Ready              | x
# AW Last              | 1
# 
# UVM_INFO /home/users/i77031/Work/AXI_full/uvm//axi_transaction.sv(277) @ 135000: uvm_test_top.axi_env_0.axi_agent_0.axi_sequencer_0@@axi_wrap_wr_rd_seq [uvm_test_top.axi_env_0.axi_agent_0.axi_sequencer_0.axi_wrap_wr_rd_seq] Generating Wrap Burst Read sequence: 
# UVM_INFO /home/users/i77031/Work/AXI_full/uvm//axi_driver.sv(147) @ 145000: uvm_test_top.axi_env_0.axi_agent_0.axi_driver_0 [uvm_test_top.axi_env_0.axi_agent_0.axi_driver_0] Got AR Ready
# UVM_INFO /home/users/i77031/Work/AXI_full/uvm//axi_monitor.sv(51) @ 145000: uvm_test_top.axi_env_0.axi_agent_0.axi_monitor_0 [INPUT MON] 
# AXI_REQUEST          | 806a00000000009b04f800000000403500002
# AXI_RESPONSE         | x
# mon_w_valid_o        | x
# mon_w_beat_count     | x
# mon_w_data_o         | x
# mon_w_addr_o         | x
# mon_r_last_o         | x
# mon_r_valid_o        | x
# mon_r_data_o         | x
# mon_r_addr_o         | x
# done_read            | x
# AXI BURST            | 2
# W Ready              | x
# AW Last              | 1
# 
# UVM_INFO /home/users/i77031/Work/AXI_full/uvm//axi_monitor.sv(176) @ 145000: uvm_test_top.axi_env_0.axi_agent_0.axi_monitor_0 [AR MON] AR Phase = 1
# UVM_INFO /home/users/i77031/Work/AXI_full/uvm//axi_monitor.sv(87) @ 145000: uvm_test_top.axi_env_0.axi_agent_0.axi_monitor_0 [OUTPUT MON] 
# AXI_REQUEST          | x
# AXI_RESPONSE         | c000000000000
# mon_w_valid_o        | 0
# mon_w_beat_count     | 0
# mon_w_data_o         | 0
# mon_w_addr_o         | 0
# mon_r_last_o         | 0
# mon_r_valid_o        | 0
# mon_r_data_o         | 0
# mon_r_addr_o         | 0
# done_read            | 0
# AXI BURST            | x
# W Ready              | 0
# AW Last              | x
# 
# UVM_INFO /home/users/i77031/Work/AXI_full/uvm//axi_monitor.sv(87) @ 155000: uvm_test_top.axi_env_0.axi_agent_0.axi_monitor_0 [OUTPUT MON] 
# AXI_REQUEST          | x
# AXI_RESPONSE         | c000000000000
# mon_w_valid_o        | 0
# mon_w_beat_count     | 0
# mon_w_data_o         | 0
# mon_w_addr_o         | 0
# mon_r_last_o         | 0
# mon_r_valid_o        | 0
# mon_r_data_o         | 0
# mon_r_addr_o         | 0
# done_read            | 0
# AXI BURST            | x
# W Ready              | 0
# AW Last              | x
# 
# UVM_INFO /home/users/i77031/Work/AXI_full/uvm//axi_monitor.sv(69) @ 155000: uvm_test_top.axi_env_0.axi_agent_0.axi_monitor_0 [MON_TO_SCOREBOARD] Burst data = '{x, x, x, x, x, x, x, x, x, x}
# UVM_INFO /home/users/i77031/Work/AXI_full/uvm//axi_monitor.sv(70) @ 155000: uvm_test_top.axi_env_0.axi_agent_0.axi_monitor_0 [MON_TO_SCOREBOARD] Read Write = 0
# UVM_INFO /home/users/i77031/Work/AXI_full/uvm//axi_monitor.sv(51) @ 155000: uvm_test_top.axi_env_0.axi_agent_0.axi_monitor_0 [INPUT MON] 
# AXI_REQUEST          | 806a00000000009b04f800000000403500001
# AXI_RESPONSE         | x
# mon_w_valid_o        | x
# mon_w_beat_count     | x
# mon_w_data_o         | x
# mon_w_addr_o         | x
# mon_r_last_o         | x
# mon_r_valid_o        | x
# mon_r_data_o         | x
# mon_r_addr_o         | x
# done_read            | x
# AXI BURST            | 2
# W Ready              | x
# AW Last              | 1
# 
# UVM_INFO /home/users/i77031/Work/AXI_full/uvm//axi_scoreboard.sv(98) @ 155000: uvm_test_top.axi_env_0.axi_scoreboard_0 [SCOREBOARD TX IN] 
# AXI_REQUEST          | 806a00000000009b04f800000000403500002
# AXI_RESPONSE         | x
# mon_w_valid_o        | x
# mon_w_beat_count     | x
# mon_w_data_o         | x
# mon_w_addr_o         | x
# mon_r_last_o         | x
# mon_r_valid_o        | x
# mon_r_data_o         | x
# mon_r_addr_o         | x
# done_read            | x
# AXI BURST            | 2
# W Ready              | x
# AW Last              | 1
# 
# UVM_INFO /home/users/i77031/Work/AXI_full/uvm//axi_scoreboard.sv(104) @ 155000: uvm_test_top.axi_env_0.axi_scoreboard_0 [SCOREBOARD TX OUT] 
# AXI_REQUEST          | x
# AXI_RESPONSE         | e000000000000
# mon_w_valid_o        | 0
# mon_w_beat_count     | 0
# mon_w_data_o         | 0
# mon_w_addr_o         | 0
# mon_r_last_o         | 0
# mon_r_valid_o        | 0
# mon_r_data_o         | 0
# mon_r_addr_o         | 0
# done_read            | 0
# AXI BURST            | x
# W Ready              | 1
# AW Last              | x
# 
# UVM_INFO /home/users/i77031/Work/AXI_full/uvm//axi_driver.sv(167) @ 165000: uvm_test_top.axi_env_0.axi_agent_0.axi_driver_0 [uvm_test_top.axi_env_0.axi_agent_0.axi_driver_0] Got R Valid
# UVM_INFO /home/users/i77031/Work/AXI_full/uvm//axi_driver.sv(168) @ 165000: uvm_test_top.axi_env_0.axi_agent_0.axi_driver_0 [uvm_test_top.axi_env_0.axi_agent_0.axi_driver_0] Read data = 00000fe1
# UVM_INFO /home/users/i77031/Work/AXI_full/uvm//axi_monitor.sv(69) @ 165000: uvm_test_top.axi_env_0.axi_agent_0.axi_monitor_0 [MON_TO_SCOREBOARD] Burst data = '{x, x, x, x, x, x, x, x, x, x}
# UVM_INFO /home/users/i77031/Work/AXI_full/uvm//axi_monitor.sv(70) @ 165000: uvm_test_top.axi_env_0.axi_agent_0.axi_monitor_0 [MON_TO_SCOREBOARD] Read Write = 0
# UVM_INFO /home/users/i77031/Work/AXI_full/uvm//axi_monitor.sv(51) @ 165000: uvm_test_top.axi_env_0.axi_agent_0.axi_monitor_0 [INPUT MON] 
# AXI_REQUEST          | 806a00000000009b04f800000000403500001
# AXI_RESPONSE         | x
# mon_w_valid_o        | x
# mon_w_beat_count     | x
# mon_w_data_o         | x
# mon_w_addr_o         | x
# mon_r_last_o         | x
# mon_r_valid_o        | x
# mon_r_data_o         | x
# mon_r_addr_o         | x
# done_read            | x
# AXI BURST            | 2
# W Ready              | x
# AW Last              | 1
# 
# UVM_INFO /home/users/i77031/Work/AXI_full/uvm//axi_monitor.sv(186) @ 165000: uvm_test_top.axi_env_0.axi_agent_0.axi_monitor_0 [R MON] Burst data = '{4065, x, x, x, x, x, x, x, x, x}
# UVM_INFO /home/users/i77031/Work/AXI_full/uvm//axi_monitor.sv(190) @ 165000: uvm_test_top.axi_env_0.axi_agent_0.axi_monitor_0 [R MON] R Phase beat number =  1
# UVM_INFO /home/users/i77031/Work/AXI_full/uvm//axi_monitor.sv(87) @ 165000: uvm_test_top.axi_env_0.axi_agent_0.axi_monitor_0 [OUTPUT MON] 
# AXI_REQUEST          | x
# AXI_RESPONSE         | c01000000fe10
# mon_w_valid_o        | 0
# mon_w_beat_count     | 0
# mon_w_data_o         | 0
# mon_w_addr_o         | 0
# mon_r_last_o         | 0
# mon_r_valid_o        | 0
# mon_r_data_o         | 0
# mon_r_addr_o         | 0
# done_read            | 1
# AXI BURST            | x
# W Ready              | 0
# AW Last              | x
# 
# UVM_INFO /home/users/i77031/Work/AXI_full/uvm//axi_scoreboard.sv(98) @ 165000: uvm_test_top.axi_env_0.axi_scoreboard_0 [SCOREBOARD TX IN] 
# AXI_REQUEST          | 806a00000000009b04f800000000403500001
# AXI_RESPONSE         | x
# mon_w_valid_o        | x
# mon_w_beat_count     | x
# mon_w_data_o         | x
# mon_w_addr_o         | x
# mon_r_last_o         | x
# mon_r_valid_o        | x
# mon_r_data_o         | x
# mon_r_addr_o         | x
# done_read            | x
# AXI BURST            | 2
# W Ready              | x
# AW Last              | 1
# 
# UVM_INFO /home/users/i77031/Work/AXI_full/uvm//axi_monitor.sv(186) @ 175000: uvm_test_top.axi_env_0.axi_agent_0.axi_monitor_0 [R MON] Burst data = '{4065, 55810, x, x, x, x, x, x, x, x}
# UVM_INFO /home/users/i77031/Work/AXI_full/uvm//axi_monitor.sv(190) @ 175000: uvm_test_top.axi_env_0.axi_agent_0.axi_monitor_0 [R MON] R Phase beat number =  2
# UVM_INFO /home/users/i77031/Work/AXI_full/uvm//axi_monitor.sv(87) @ 175000: uvm_test_top.axi_env_0.axi_agent_0.axi_monitor_0 [OUTPUT MON] 
# AXI_REQUEST          | x
# AXI_RESPONSE         | c0100000da020
# mon_w_valid_o        | 0
# mon_w_beat_count     | 0
# mon_w_data_o         | 0
# mon_w_addr_o         | 0
# mon_r_last_o         | 0
# mon_r_valid_o        | 1
# mon_r_data_o         | fe1
# mon_r_addr_o         | 4
# done_read            | 1
# AXI BURST            | x
# W Ready              | 0
# AW Last              | x
# 
# UVM_INFO /home/users/i77031/Work/AXI_full/uvm//axi_monitor.sv(69) @ 175000: uvm_test_top.axi_env_0.axi_agent_0.axi_monitor_0 [MON_TO_SCOREBOARD] Burst data = '{x, x, x, x, x, x, x, x, x, x}
# UVM_INFO /home/users/i77031/Work/AXI_full/uvm//axi_monitor.sv(70) @ 175000: uvm_test_top.axi_env_0.axi_agent_0.axi_monitor_0 [MON_TO_SCOREBOARD] Read Write = 0
# UVM_INFO /home/users/i77031/Work/AXI_full/uvm//axi_monitor.sv(51) @ 175000: uvm_test_top.axi_env_0.axi_agent_0.axi_monitor_0 [INPUT MON] 
# AXI_REQUEST          | 806a00000000009b04f800000000403500001
# AXI_RESPONSE         | x
# mon_w_valid_o        | x
# mon_w_beat_count     | x
# mon_w_data_o         | x
# mon_w_addr_o         | x
# mon_r_last_o         | x
# mon_r_valid_o        | x
# mon_r_data_o         | x
# mon_r_addr_o         | x
# done_read            | x
# AXI BURST            | 2
# W Ready              | x
# AW Last              | 1
# 
# UVM_INFO /home/users/i77031/Work/AXI_full/uvm//axi_driver.sv(167) @ 175000: uvm_test_top.axi_env_0.axi_agent_0.axi_driver_0 [uvm_test_top.axi_env_0.axi_agent_0.axi_driver_0] Got R Valid
# UVM_INFO /home/users/i77031/Work/AXI_full/uvm//axi_driver.sv(168) @ 175000: uvm_test_top.axi_env_0.axi_agent_0.axi_driver_0 [uvm_test_top.axi_env_0.axi_agent_0.axi_driver_0] Read data = 0000da02
# UVM_INFO /home/users/i77031/Work/AXI_full/uvm//axi_driver.sv(167) @ 185000: uvm_test_top.axi_env_0.axi_agent_0.axi_driver_0 [uvm_test_top.axi_env_0.axi_agent_0.axi_driver_0] Got R Valid
# UVM_INFO /home/users/i77031/Work/AXI_full/uvm//axi_driver.sv(168) @ 185000: uvm_test_top.axi_env_0.axi_agent_0.axi_driver_0 [uvm_test_top.axi_env_0.axi_agent_0.axi_driver_0] Read data = 0000ce03
# UVM_INFO /home/users/i77031/Work/AXI_full/uvm//axi_monitor.sv(69) @ 185000: uvm_test_top.axi_env_0.axi_agent_0.axi_monitor_0 [MON_TO_SCOREBOARD] Burst data = '{x, x, x, x, x, x, x, x, x, x}
# UVM_INFO /home/users/i77031/Work/AXI_full/uvm//axi_monitor.sv(70) @ 185000: uvm_test_top.axi_env_0.axi_agent_0.axi_monitor_0 [MON_TO_SCOREBOARD] Read Write = 0
# UVM_INFO /home/users/i77031/Work/AXI_full/uvm//axi_monitor.sv(51) @ 185000: uvm_test_top.axi_env_0.axi_agent_0.axi_monitor_0 [INPUT MON] 
# AXI_REQUEST          | 806a00000000009b04f800000000403500001
# AXI_RESPONSE         | x
# mon_w_valid_o        | x
# mon_w_beat_count     | x
# mon_w_data_o         | x
# mon_w_addr_o         | x
# mon_r_last_o         | x
# mon_r_valid_o        | x
# mon_r_data_o         | x
# mon_r_addr_o         | x
# done_read            | x
# AXI BURST            | 2
# W Ready              | x
# AW Last              | 1
# 
# UVM_INFO /home/users/i77031/Work/AXI_full/uvm//axi_monitor.sv(186) @ 185000: uvm_test_top.axi_env_0.axi_agent_0.axi_monitor_0 [R MON] Burst data = '{4065, 55810, 52739, x, x, x, x, x, x, x}
# UVM_INFO /home/users/i77031/Work/AXI_full/uvm//axi_monitor.sv(190) @ 185000: uvm_test_top.axi_env_0.axi_agent_0.axi_monitor_0 [R MON] R Phase beat number =  3
# UVM_INFO /home/users/i77031/Work/AXI_full/uvm//axi_monitor.sv(87) @ 185000: uvm_test_top.axi_env_0.axi_agent_0.axi_monitor_0 [OUTPUT MON] 
# AXI_REQUEST          | x
# AXI_RESPONSE         | c0100000ce030
# mon_w_valid_o        | 0
# mon_w_beat_count     | 0
# mon_w_data_o         | 0
# mon_w_addr_o         | 0
# mon_r_last_o         | 0
# mon_r_valid_o        | 1
# mon_r_data_o         | da02
# mon_r_addr_o         | 8
# done_read            | 1
# AXI BURST            | x
# W Ready              | 0
# AW Last              | x
# 
# UVM_INFO /home/users/i77031/Work/AXI_full/uvm//axi_monitor.sv(186) @ 195000: uvm_test_top.axi_env_0.axi_agent_0.axi_monitor_0 [R MON] Burst data = '{4065, 55810, 52739, 39684, x, x, x, x, x, x}
# UVM_INFO /home/users/i77031/Work/AXI_full/uvm//axi_monitor.sv(190) @ 195000: uvm_test_top.axi_env_0.axi_agent_0.axi_monitor_0 [R MON] R Phase beat number =  4
# UVM_INFO /home/users/i77031/Work/AXI_full/uvm//axi_monitor.sv(194) @ 195000: uvm_test_top.axi_env_0.axi_agent_0.axi_monitor_0 [R MON] R Phase completed = 1
# UVM_INFO /home/users/i77031/Work/AXI_full/uvm//axi_monitor.sv(87) @ 195000: uvm_test_top.axi_env_0.axi_agent_0.axi_monitor_0 [OUTPUT MON] 
# AXI_REQUEST          | x
# AXI_RESPONSE         | c01000009b042
# mon_w_valid_o        | 0
# mon_w_beat_count     | 0
# mon_w_data_o         | 0
# mon_w_addr_o         | 0
# mon_r_last_o         | 0
# mon_r_valid_o        | 1
# mon_r_data_o         | ce03
# mon_r_addr_o         | c
# done_read            | 1
# AXI BURST            | x
# W Ready              | 0
# AW Last              | x
# 
# UVM_INFO /home/users/i77031/Work/AXI_full/uvm//axi_monitor.sv(69) @ 195000: uvm_test_top.axi_env_0.axi_agent_0.axi_monitor_0 [MON_TO_SCOREBOARD] Burst data = '{x, x, x, x, x, x, x, x, x, x}
# UVM_INFO /home/users/i77031/Work/AXI_full/uvm//axi_monitor.sv(70) @ 195000: uvm_test_top.axi_env_0.axi_agent_0.axi_monitor_0 [MON_TO_SCOREBOARD] Read Write = 0
# UVM_INFO /home/users/i77031/Work/AXI_full/uvm//axi_monitor.sv(51) @ 195000: uvm_test_top.axi_env_0.axi_agent_0.axi_monitor_0 [INPUT MON] 
# AXI_REQUEST          | 806a00000000009b04f800000000403500001
# AXI_RESPONSE         | x
# mon_w_valid_o        | x
# mon_w_beat_count     | x
# mon_w_data_o         | x
# mon_w_addr_o         | x
# mon_r_last_o         | x
# mon_r_valid_o        | x
# mon_r_data_o         | x
# mon_r_addr_o         | x
# done_read            | x
# AXI BURST            | 2
# W Ready              | x
# AW Last              | 1
# 
# UVM_INFO /home/users/i77031/Work/AXI_full/uvm//axi_driver.sv(167) @ 195000: uvm_test_top.axi_env_0.axi_agent_0.axi_driver_0 [uvm_test_top.axi_env_0.axi_agent_0.axi_driver_0] Got R Valid
# UVM_INFO /home/users/i77031/Work/AXI_full/uvm//axi_driver.sv(168) @ 195000: uvm_test_top.axi_env_0.axi_agent_0.axi_driver_0 [uvm_test_top.axi_env_0.axi_agent_0.axi_driver_0] Read data = 00009b04
# UVM_INFO /home/users/i77031/Work/AXI_full/uvm//axi_monitor.sv(69) @ 205000: uvm_test_top.axi_env_0.axi_agent_0.axi_monitor_0 [MON_TO_SCOREBOARD] Burst data = '{x, x, x, x, x, x, x, x, x, x}
# UVM_INFO /home/users/i77031/Work/AXI_full/uvm//axi_monitor.sv(70) @ 205000: uvm_test_top.axi_env_0.axi_agent_0.axi_monitor_0 [MON_TO_SCOREBOARD] Read Write = 0
# UVM_INFO /home/users/i77031/Work/AXI_full/uvm//axi_monitor.sv(51) @ 205000: uvm_test_top.axi_env_0.axi_agent_0.axi_monitor_0 [INPUT MON] 
# AXI_REQUEST          | 806a00000000009b04f800000000403500001
# AXI_RESPONSE         | x
# mon_w_valid_o        | x
# mon_w_beat_count     | x
# mon_w_data_o         | x
# mon_w_addr_o         | x
# mon_r_last_o         | x
# mon_r_valid_o        | x
# mon_r_data_o         | x
# mon_r_addr_o         | x
# done_read            | x
# AXI BURST            | 2
# W Ready              | x
# AW Last              | 1
# 
# UVM_INFO /home/users/i77031/Work/AXI_full/uvm//axi_monitor.sv(99) @ 205000: uvm_test_top.axi_env_0.axi_agent_0.axi_monitor_0 [R MON] Trans Burst data = '{4065, 55810, 52739, 39684, x, x, x, x, x, x}
# UVM_INFO /home/users/i77031/Work/AXI_full/uvm//axi_monitor.sv(87) @ 205000: uvm_test_top.axi_env_0.axi_agent_0.axi_monitor_0 [OUTPUT MON] 
# AXI_REQUEST          | x
# AXI_RESPONSE         | c00000009b042
# mon_w_valid_o        | 0
# mon_w_beat_count     | 0
# mon_w_data_o         | 0
# mon_w_addr_o         | 0
# mon_r_last_o         | 1
# mon_r_valid_o        | 1
# mon_r_data_o         | 9b04
# mon_r_addr_o         | 0
# done_read            | 0
# AXI BURST            | x
# W Ready              | 0
# AW Last              | x
# 
# UVM_INFO /home/users/i77031/Work/AXI_full/uvm//axi_scoreboard.sv(104) @ 205000: uvm_test_top.axi_env_0.axi_scoreboard_0 [SCOREBOARD TX OUT] 
# AXI_REQUEST          | x
# AXI_RESPONSE         | c01000009b042
# mon_w_valid_o        | 0
# mon_w_beat_count     | 0
# mon_w_data_o         | 0
# mon_w_addr_o         | 0
# mon_r_last_o         | 0
# mon_r_valid_o        | 1
# mon_r_data_o         | ce03
# mon_r_addr_o         | c
# done_read            | 1
# AXI BURST            | x
# W Ready              | 0
# AW Last              | x
# 
# UVM_INFO /home/users/i77031/Work/AXI_full/uvm//axi_scoreboard.sv(226) @ 205000: uvm_test_top.axi_env_0.axi_scoreboard_0 [FUNC TX IN] 
# AXI_REQUEST          | 806a00000000009b04f800000000403500001
# AXI_RESPONSE         | x
# mon_w_valid_o        | x
# mon_w_beat_count     | x
# mon_w_data_o         | x
# mon_w_addr_o         | x
# mon_r_last_o         | x
# mon_r_valid_o        | x
# mon_r_data_o         | x
# mon_r_addr_o         | x
# done_read            | x
# AXI BURST            | 2
# W Ready              | x
# AW Last              | 1
# 
# UVM_INFO /home/users/i77031/Work/AXI_full/uvm//axi_scoreboard.sv(231) @ 205000: uvm_test_top.axi_env_0.axi_scoreboard_0 [uvm_test_top.axi_env_0.axi_scoreboard_0] Read Burst type = 10
# UVM_INFO /home/users/i77031/Work/AXI_full/uvm//axi_scoreboard.sv(248) @ 205000: uvm_test_top.axi_env_0.axi_scoreboard_0 [uvm_test_top.axi_env_0.axi_scoreboard_0] Calculating Read wrapping burst addr
# UVM_INFO /home/users/i77031/Work/AXI_full/uvm//axi_scoreboard.sv(250) @ 205000: uvm_test_top.axi_env_0.axi_scoreboard_0 [uvm_test_top.axi_env_0.axi_scoreboard_0] burst addr = 0x4
# UVM_INFO /home/users/i77031/Work/AXI_full/uvm//axi_scoreboard.sv(252) @ 205000: uvm_test_top.axi_env_0.axi_scoreboard_0 [uvm_test_top.axi_env_0.axi_scoreboard_0] Wrap boundary = 0x10
# UVM_INFO /home/users/i77031/Work/AXI_full/uvm//axi_scoreboard.sv(253) @ 205000: uvm_test_top.axi_env_0.axi_scoreboard_0 [uvm_test_top.axi_env_0.axi_scoreboard_0] Wrapping burst addr = 0x4
# UVM_INFO /home/users/i77031/Work/AXI_full/uvm//axi_scoreboard.sv(278) @ 205000: uvm_test_top.axi_env_0.axi_scoreboard_0 [uvm_test_top.axi_env_0.axi_scoreboard_0] Burst Reading
# UVM_INFO /home/users/i77031/Work/AXI_full/uvm//axi_scoreboard.sv(279) @ 205000: uvm_test_top.axi_env_0.axi_scoreboard_0 [uvm_test_top.axi_env_0.axi_scoreboard_0] Burst data = '{4065, 55810, 52739, 39684, x, x, x, x, x, x}
# UVM_INFO /home/users/i77031/Work/AXI_full/uvm//axi_scoreboard.sv(280) @ 205000: uvm_test_top.axi_env_0.axi_scoreboard_0 [uvm_test_top.axi_env_0.axi_scoreboard_0] Single data = 4065
# UVM_INFO /home/users/i77031/Work/AXI_full/uvm//axi_scoreboard.sv(281) @ 205000: uvm_test_top.axi_env_0.axi_scoreboard_0 [uvm_test_top.axi_env_0.axi_scoreboard_0] Wrap boundary = 0x10
# UVM_INFO /home/users/i77031/Work/AXI_full/uvm//axi_scoreboard.sv(283) @ 205000: uvm_test_top.axi_env_0.axi_scoreboard_0 [uvm_test_top.axi_env_0.axi_scoreboard_0] Reading burst Addr = 0x4
# UVM_INFO /home/users/i77031/Work/AXI_full/uvm//axi_scoreboard.sv(285) @ 205000: uvm_test_top.axi_env_0.axi_scoreboard_0 [uvm_test_top.axi_env_0.axi_scoreboard_0] Item Queue = '{4:4065 }
# UVM_INFO /home/users/i77031/Work/AXI_full/uvm//axi_scoreboard.sv(286) @ 205000: uvm_test_top.axi_env_0.axi_scoreboard_0 [uvm_test_top.axi_env_0.axi_scoreboard_0] Item Queue = 00000fe1
# UVM_INFO /home/users/i77031/Work/AXI_full/uvm//axi_scoreboard.sv(278) @ 205000: uvm_test_top.axi_env_0.axi_scoreboard_0 [uvm_test_top.axi_env_0.axi_scoreboard_0] Burst Reading
# UVM_INFO /home/users/i77031/Work/AXI_full/uvm//axi_scoreboard.sv(279) @ 205000: uvm_test_top.axi_env_0.axi_scoreboard_0 [uvm_test_top.axi_env_0.axi_scoreboard_0] Burst data = '{4065, 55810, 52739, 39684, x, x, x, x, x, x}
# UVM_INFO /home/users/i77031/Work/AXI_full/uvm//axi_scoreboard.sv(280) @ 205000: uvm_test_top.axi_env_0.axi_scoreboard_0 [uvm_test_top.axi_env_0.axi_scoreboard_0] Single data = 55810
# UVM_INFO /home/users/i77031/Work/AXI_full/uvm//axi_scoreboard.sv(281) @ 205000: uvm_test_top.axi_env_0.axi_scoreboard_0 [uvm_test_top.axi_env_0.axi_scoreboard_0] Wrap boundary = 0x10
# UVM_INFO /home/users/i77031/Work/AXI_full/uvm//axi_scoreboard.sv(283) @ 205000: uvm_test_top.axi_env_0.axi_scoreboard_0 [uvm_test_top.axi_env_0.axi_scoreboard_0] Reading burst Addr = 0x8
# UVM_INFO /home/users/i77031/Work/AXI_full/uvm//axi_scoreboard.sv(285) @ 205000: uvm_test_top.axi_env_0.axi_scoreboard_0 [uvm_test_top.axi_env_0.axi_scoreboard_0] Item Queue = '{4:4065, 8:55810 }
# UVM_INFO /home/users/i77031/Work/AXI_full/uvm//axi_scoreboard.sv(286) @ 205000: uvm_test_top.axi_env_0.axi_scoreboard_0 [uvm_test_top.axi_env_0.axi_scoreboard_0] Item Queue = 0000da02
# UVM_INFO /home/users/i77031/Work/AXI_full/uvm//axi_scoreboard.sv(278) @ 205000: uvm_test_top.axi_env_0.axi_scoreboard_0 [uvm_test_top.axi_env_0.axi_scoreboard_0] Burst Reading
# UVM_INFO /home/users/i77031/Work/AXI_full/uvm//axi_scoreboard.sv(279) @ 205000: uvm_test_top.axi_env_0.axi_scoreboard_0 [uvm_test_top.axi_env_0.axi_scoreboard_0] Burst data = '{4065, 55810, 52739, 39684, x, x, x, x, x, x}
# UVM_INFO /home/users/i77031/Work/AXI_full/uvm//axi_scoreboard.sv(280) @ 205000: uvm_test_top.axi_env_0.axi_scoreboard_0 [uvm_test_top.axi_env_0.axi_scoreboard_0] Single data = 52739
# UVM_INFO /home/users/i77031/Work/AXI_full/uvm//axi_scoreboard.sv(281) @ 205000: uvm_test_top.axi_env_0.axi_scoreboard_0 [uvm_test_top.axi_env_0.axi_scoreboard_0] Wrap boundary = 0x10
# UVM_INFO /home/users/i77031/Work/AXI_full/uvm//axi_scoreboard.sv(283) @ 205000: uvm_test_top.axi_env_0.axi_scoreboard_0 [uvm_test_top.axi_env_0.axi_scoreboard_0] Reading burst Addr = 0xc
# UVM_INFO /home/users/i77031/Work/AXI_full/uvm//axi_scoreboard.sv(285) @ 205000: uvm_test_top.axi_env_0.axi_scoreboard_0 [uvm_test_top.axi_env_0.axi_scoreboard_0] Item Queue = '{4:4065, 8:55810, 12:52739 }
# UVM_INFO /home/users/i77031/Work/AXI_full/uvm//axi_scoreboard.sv(286) @ 205000: uvm_test_top.axi_env_0.axi_scoreboard_0 [uvm_test_top.axi_env_0.axi_scoreboard_0] Item Queue = 0000ce03
# UVM_INFO /home/users/i77031/Work/AXI_full/uvm//axi_scoreboard.sv(278) @ 205000: uvm_test_top.axi_env_0.axi_scoreboard_0 [uvm_test_top.axi_env_0.axi_scoreboard_0] Burst Reading
# UVM_INFO /home/users/i77031/Work/AXI_full/uvm//axi_scoreboard.sv(279) @ 205000: uvm_test_top.axi_env_0.axi_scoreboard_0 [uvm_test_top.axi_env_0.axi_scoreboard_0] Burst data = '{4065, 55810, 52739, 39684, x, x, x, x, x, x}
# UVM_INFO /home/users/i77031/Work/AXI_full/uvm//axi_scoreboard.sv(280) @ 205000: uvm_test_top.axi_env_0.axi_scoreboard_0 [uvm_test_top.axi_env_0.axi_scoreboard_0] Single data = 39684
# UVM_INFO /home/users/i77031/Work/AXI_full/uvm//axi_scoreboard.sv(281) @ 205000: uvm_test_top.axi_env_0.axi_scoreboard_0 [uvm_test_top.axi_env_0.axi_scoreboard_0] Wrap boundary = 0x10
# UVM_INFO /home/users/i77031/Work/AXI_full/uvm//axi_scoreboard.sv(283) @ 205000: uvm_test_top.axi_env_0.axi_scoreboard_0 [uvm_test_top.axi_env_0.axi_scoreboard_0] Reading burst Addr = 0x0
# UVM_INFO /home/users/i77031/Work/AXI_full/uvm//axi_scoreboard.sv(285) @ 205000: uvm_test_top.axi_env_0.axi_scoreboard_0 [uvm_test_top.axi_env_0.axi_scoreboard_0] Item Queue = '{0:39684, 4:4065, 8:55810, 12:52739 }
# UVM_INFO /home/users/i77031/Work/AXI_full/uvm//axi_scoreboard.sv(286) @ 205000: uvm_test_top.axi_env_0.axi_scoreboard_0 [uvm_test_top.axi_env_0.axi_scoreboard_0] Item Queue = 00009b04
# UVM_INFO /home/users/i77031/Work/AXI_full/uvm//axi_scoreboard.sv(135) @ 205000: uvm_test_top.axi_env_0.axi_scoreboard_0 [SCOREBOARD] DONE_READ
# UVM_INFO /home/users/i77031/Work/AXI_full/uvm//axi_scoreboard.sv(142) @ 205000: uvm_test_top.axi_env_0.axi_scoreboard_0 [COMPARISON] Comparison addr = 0x4
# UVM_INFO /home/users/i77031/Work/AXI_full/uvm//axi_scoreboard.sv(148) @ 205000: uvm_test_top.axi_env_0.axi_scoreboard_0 [SCOREBOARD] DATA READ BACK SUCCESSFULLY ACT=0xfe1 EXP=0xfe1
# UVM_INFO /home/users/i77031/Work/AXI_full/uvm//axi_scoreboard.sv(142) @ 205000: uvm_test_top.axi_env_0.axi_scoreboard_0 [COMPARISON] Comparison addr = 0x8
# UVM_INFO /home/users/i77031/Work/AXI_full/uvm//axi_scoreboard.sv(148) @ 205000: uvm_test_top.axi_env_0.axi_scoreboard_0 [SCOREBOARD] DATA READ BACK SUCCESSFULLY ACT=0xda02 EXP=0xda02
# UVM_INFO /home/users/i77031/Work/AXI_full/uvm//axi_scoreboard.sv(142) @ 205000: uvm_test_top.axi_env_0.axi_scoreboard_0 [COMPARISON] Comparison addr = 0xc
# UVM_INFO /home/users/i77031/Work/AXI_full/uvm//axi_scoreboard.sv(148) @ 205000: uvm_test_top.axi_env_0.axi_scoreboard_0 [SCOREBOARD] DATA READ BACK SUCCESSFULLY ACT=0xce03 EXP=0xce03
# UVM_INFO /home/users/i77031/Work/AXI_full/uvm//axi_scoreboard.sv(142) @ 205000: uvm_test_top.axi_env_0.axi_scoreboard_0 [COMPARISON] Comparison addr = 0x0
# UVM_INFO /home/users/i77031/Work/AXI_full/uvm//axi_scoreboard.sv(148) @ 205000: uvm_test_top.axi_env_0.axi_scoreboard_0 [SCOREBOARD] DATA READ BACK SUCCESSFULLY ACT=0x9b04 EXP=0x9b04
# UVM_INFO /home/users/i77031/Work/AXI_full/uvm//axi_scoreboard.sv(98) @ 205000: uvm_test_top.axi_env_0.axi_scoreboard_0 [SCOREBOARD TX IN] 
# AXI_REQUEST          | 806a00000000009b04f800000000403500001
# AXI_RESPONSE         | x
# mon_w_valid_o        | x
# mon_w_beat_count     | x
# mon_w_data_o         | x
# mon_w_addr_o         | x
# mon_r_last_o         | x
# mon_r_valid_o        | x
# mon_r_data_o         | x
# mon_r_addr_o         | x
# done_read            | x
# AXI BURST            | 2
# W Ready              | x
# AW Last              | 1
# 
# UVM_INFO /home/users/i77031/Work/AXI_full/uvm//axi_monitor.sv(87) @ 215000: uvm_test_top.axi_env_0.axi_agent_0.axi_monitor_0 [OUTPUT MON] 
# AXI_REQUEST          | x
# AXI_RESPONSE         | c00000009b042
# mon_w_valid_o        | 0
# mon_w_beat_count     | 0
# mon_w_data_o         | 0
# mon_w_addr_o         | 0
# mon_r_last_o         | 0
# mon_r_valid_o        | 0
# mon_r_data_o         | 0
# mon_r_addr_o         | 0
# done_read            | 0
# AXI BURST            | x
# W Ready              | 0
# AW Last              | x
# 
# UVM_INFO /home/users/i77031/Work/AXI_full/uvm//axi_monitor.sv(69) @ 215000: uvm_test_top.axi_env_0.axi_agent_0.axi_monitor_0 [MON_TO_SCOREBOARD] Burst data = '{x, x, x, x, x, x, x, x, x, x}
# UVM_INFO /home/users/i77031/Work/AXI_full/uvm//axi_monitor.sv(70) @ 215000: uvm_test_top.axi_env_0.axi_agent_0.axi_monitor_0 [MON_TO_SCOREBOARD] Read Write = 0
# UVM_INFO /home/users/i77031/Work/AXI_full/uvm//axi_monitor.sv(51) @ 215000: uvm_test_top.axi_env_0.axi_agent_0.axi_monitor_0 [INPUT MON] 
# AXI_REQUEST          | 806a00000000009b04f800000000403500001
# AXI_RESPONSE         | x
# mon_w_valid_o        | x
# mon_w_beat_count     | x
# mon_w_data_o         | x
# mon_w_addr_o         | x
# mon_r_last_o         | x
# mon_r_valid_o        | x
# mon_r_data_o         | x
# mon_r_addr_o         | x
# done_read            | x
# AXI BURST            | 2
# W Ready              | x
# AW Last              | 1
# 
# UVM_INFO /home/users/i77031/Work/AXI_full/uvm//axi_monitor.sv(51) @ 225000: uvm_test_top.axi_env_0.axi_agent_0.axi_monitor_0 [INPUT MON] 
# AXI_REQUEST          | 806a00000000009b04f800000000403500000
# AXI_RESPONSE         | x
# mon_w_valid_o        | x
# mon_w_beat_count     | x
# mon_w_data_o         | x
# mon_w_addr_o         | x
# mon_r_last_o         | x
# mon_r_valid_o        | x
# mon_r_data_o         | x
# mon_r_addr_o         | x
# done_read            | x
# AXI BURST            | 2
# W Ready              | x
# AW Last              | 1
# 
# UVM_INFO /home/users/i77031/Work/AXI_full/uvm//axi_monitor.sv(87) @ 225000: uvm_test_top.axi_env_0.axi_agent_0.axi_monitor_0 [OUTPUT MON] 
# AXI_REQUEST          | x
# AXI_RESPONSE         | c00000009b042
# mon_w_valid_o        | 0
# mon_w_beat_count     | 0
# mon_w_data_o         | 0
# mon_w_addr_o         | 0
# mon_r_last_o         | 0
# mon_r_valid_o        | 0
# mon_r_data_o         | 0
# mon_r_addr_o         | 0
# done_read            | 0
# AXI BURST            | x
# W Ready              | 0
# AW Last              | x
# 
# UVM_INFO verilog_src/uvm-1.1d/src/base/uvm_objection.svh(1267) @ 225000: reporter [TEST_DONE] 'run' phase is ready to proceed to the 'extract' phase
# 
# --- UVM Report Summary ---
# 
# ** Report counts by severity
# UVM_INFO :  183
# UVM_WARNING :    0
# UVM_ERROR :    0
# UVM_FATAL :    0
# ** Report counts by id
# [AR MON]     1
# [AW MON]     1
# [COMPARISON]     4
# [FUNC TX IN]     2
# [INPUT MON]    23
# [MON_TO_SCOREBOARD]    16
# [OUTPUT MON]    23
# [Questa UVM]     3
# [R MON]    12
# [RNTST]     1
# [SCOREBOARD]     5
# [SCOREBOARD TX IN]     4
# [SCOREBOARD TX OUT]     3
# [TEST_DONE]     1
# [UVMTOP]     1
# [W MON]     9
# [uvm_test_top.axi_env_0.axi_agent_0.axi_driver_0]    15
# [uvm_test_top.axi_env_0.axi_agent_0.axi_sequencer_0.axi_wrap_wr_rd_seq]     2
# [uvm_test_top.axi_env_0.axi_scoreboard_0]    57
# ** Note: $finish    : /pkg/modeltech-2024.3/linux/../verilog_src/uvm-1.1d/src/base/uvm_root.svh(430)
#    Time: 225 ns  Iteration: 61  Instance: /axi_full_uvm_tb_top
# End time: 19:14:41 on Jan 15,2026, Elapsed time: 0:00:09
# Errors: 0, Warnings: 1
