# do compile_axi_lite.tcl
# /home/users/i77031/Work/AXI_adv/axi
# /home/users/i77031/Work/AXI_adv/common_cells
# axi_lite_regs_tb_top
# /home/users/i77031/Work/AXI_adv/tb/axi_lite_regs_tb_top.sv
# /home/users/i77031/Work/AXI_adv/filelists/common_cells.f
# /home/users/i77031/Work/AXI_adv/filelists/axi_levels.f
# +incdir+/home/users/i77031/Work/AXI_adv/axi/include +incdir+/home/users/i77031/Work/AXI_adv/common_cells/include/common_cells/include +incdir+/home/users/i77031/Work/AXI_adv/common_cells/include +incdir+/home/users/i77031/Work/AXI_adv/common_cells/src
# QuestaSim vmap 2024.3 Lib Mapping Utility 2024.09 Sep 10 2024
# vmap work work 
# Modifying modelsim.ini
# QuestaSim vlog 2024.3 Compiler 2024.09 Sep 10 2024
# Start time: 22:17:32 on Dec 08,2025
# vlog -sv -work work -suppress 1346 -lint -timescale 1ns/1ps -f /home/users/i77031/Work/AXI_adv/filelists/common_cells.f 
# -- Compiling package cf_math_pkg
# -- Compiling package ecc_pkg
# -- Compiling package cb_filter_pkg
# -- Compiling package cdc_reset_ctrlr_pkg
# -- Compiling module binary_to_gray
# -- Compiling module gray_to_binary
# -- Compiling module onehot_to_bin
# -- Compiling module popcount
# -- Compiling module lzc
# -- Importing package cf_math_pkg
# -- Compiling module counter
# -- Compiling module delta_counter
# -- Compiling module max_counter
# -- Compiling module rstgen
# -- Compiling module rstgen_bypass
# -- Compiling module ecc_encode
# -- Importing package ecc_pkg
# -- Compiling module ecc_decode
# -- Compiling module cc_onehot
# -- Compiling module edge_detect
# -- Compiling module edge_propagator
# -- Compiling module edge_propagator_ack
# -- Compiling module edge_propagator_tx
# -- Compiling module edge_propagator_rx
# -- Compiling module exp_backoff
# -- Compiling module fall_through_register
# -- Compiling module id_queue
# ** Warning: /home/users/i77031/Work/AXI_adv/common_cells/src/id_queue.sv(193): (vlog-2623) Undefined variable: empty.
# -- Compiling module mv_filter
# -- Compiling module plru_tree
# -- Compiling module serial_deglitch
# -- Compiling module unread
# -- Compiling module lfsr
# -- Compiling module lfsr_8bit
# -- Compiling module lfsr_16bit
# -- Compiling module sub_per_hash
# -- Compiling module clk_div
# -- Compiling module addr_decode
# -- Compiling module addr_decode_napot
# -- Compiling module addr_decode_dync
# -- Compiling module multiaddr_decode
# -- Compiling module fifo_v3
# -- Compiling interface STREAM_DV
# ** Warning: (vlog-13361) /home/users/i77031/Work/AXI_adv/common_cells/src/stream_intf.sv(46): No trigger event inferred in disable expression.
# ** Warning: (vlog-13361) /home/users/i77031/Work/AXI_adv/common_cells/src/stream_intf.sv(47): No trigger event inferred in disable expression.
# -- Compiling module spill_register_flushable
# -- Compiling module spill_register
# -- Compiling module stream_register
# -- Compiling module stream_fifo
# -- Compiling module passthrough_stream_fifo
# -- Compiling module stream_delay
# -- Compiling module stream_filter
# -- Compiling module stream_fork
# -- Compiling module stream_fork_dynamic
# -- Compiling module stream_join
# -- Compiling module stream_mux
# -- Compiling module stream_demux
# -- Compiling module stream_arbiter
# -- Compiling module stream_arbiter_flushable
# -- Compiling module stream_xbar
# -- Compiling module stream_omega_net
# -- Compiling module stream_to_mem
# -- Compiling module isochronous_4phase_handshake
# -- Compiling module sync
# -- Compiling module sync_wedge
# -- Compiling module cdc_2phase
# -- Compiling module cdc_2phase_src
# -- Compiling module cdc_2phase_dst
# -- Compiling module cdc_2phase_clearable
# -- Compiling module cdc_2phase_src_clearable
# -- Compiling module cdc_2phase_dst_clearable
# -- Compiling module cdc_fifo_2phase
# -- Compiling module cdc_fifo_gray
# -- Compiling module cdc_fifo_gray_src
# -- Compiling module cdc_fifo_gray_dst
# -- Compiling module cdc_fifo_gray_clearable
# -- Compiling module cdc_fifo_gray_src_clearable
# -- Compiling module cdc_fifo_gray_dst_clearable
# -- Compiling module cdc_reset_ctrlr
# -- Importing package cdc_reset_ctrlr_pkg
# -- Compiling module cdc_reset_ctrlr_half
# 
# Top level modules:
# 	popcount
# 	max_counter
# 	rstgen
# 	ecc_encode
# 	ecc_decode
# 	cc_onehot
# 	edge_detect
# 	edge_propagator
# 	edge_propagator_tx
# 	edge_propagator_rx
# 	exp_backoff
# 	fall_through_register
# 	id_queue
# 	mv_filter
# 	plru_tree
# 	serial_deglitch
# 	unread
# 	lfsr
# 	lfsr_8bit
# 	sub_per_hash
# 	clk_div
# 	addr_decode
# 	addr_decode_napot
# 	multiaddr_decode
# 	stream_register
# 	passthrough_stream_fifo
# 	stream_delay
# 	stream_filter
# 	stream_fork_dynamic
# 	stream_join
# 	stream_mux
# 	stream_arbiter
# 	stream_omega_net
# 	stream_to_mem
# 	isochronous_4phase_handshake
# 	cdc_2phase_clearable
# 	cdc_fifo_2phase
# 	cdc_fifo_gray
# 	cdc_fifo_gray_clearable
# End time: 22:17:33 on Dec 08,2025, Elapsed time: 0:00:01
# Errors: 0, Warnings: 3
# QuestaSim vlog 2024.3 Compiler 2024.09 Sep 10 2024
# Start time: 22:17:33 on Dec 08,2025
# vlog -sv -work work -suppress 1346 -lint -timescale 1ns/1ps -f /home/users/i77031/Work/AXI_adv/filelists/axi_levels.f 
# -- Compiling package axi_pkg
# -- Compiling interface AXI_BUS
# -- Importing package axi_pkg
# -- Compiling interface AXI_BUS_DV
# -- Compiling interface AXI_BUS_ASYNC
# -- Compiling interface AXI_BUS_ASYNC_GRAY
# -- Compiling interface AXI_LITE
# -- Compiling interface AXI_LITE_DV
# -- Compiling interface AXI_LITE_ASYNC_GRAY
# -- Compiling module axi_atop_filter
# -- Compiling module axi_atop_filter_intf
# -- Compiling module axi_burst_splitter
# -- Compiling module axi_cdc_dst
# -- Compiling module axi_cdc_dst_intf
# -- Compiling module axi_lite_cdc_dst_intf
# -- Compiling module axi_cdc_src
# -- Compiling module axi_cdc_src_intf
# -- Compiling module axi_lite_cdc_src_intf
# -- Compiling module axi_cut
# -- Compiling module axi_cut_intf
# -- Compiling module axi_lite_cut_intf
# -- Compiling module axi_delayer
# -- Compiling module axi_delayer_intf
# -- Compiling module axi_demux
# -- Compiling module axi_demux_intf
# -- Compiling module axi_dw_downsizer
# -- Importing package cf_math_pkg
# -- Compiling module axi_dw_upsizer
# -- Compiling module axi_id_remap
# -- Compiling module axi_id_remap_table
# -- Compiling module axi_id_remap_intf
# -- Compiling module axi_id_prepend
# -- Compiling module axi_isolate
# -- Compiling module axi_isolate_inner
# -- Compiling module axi_isolate_intf
# -- Compiling module axi_join_intf
# -- Compiling module axi_lite_demux
# -- Compiling module axi_lite_demux_intf
# -- Compiling module axi_lite_join_intf
# -- Compiling module axi_lite_mailbox
# -- Compiling module axi_lite_mailbox_slave
# -- Compiling module axi_lite_mailbox_intf
# -- Compiling module axi_lite_mux
# -- Compiling module axi_lite_mux_intf
# -- Compiling module axi_lite_regs
# -- Compiling module axi_lite_regs_intf
# -- Compiling module axi_lite_to_apb
# -- Compiling module axi_lite_to_apb_intf
# -- Compiling module axi_lite_to_axi
# -- Compiling module axi_lite_to_axi_intf
# -- Compiling module axi_modify_address
# -- Compiling module axi_modify_address_intf
# -- Compiling module axi_mux
# -- Compiling module axi_mux_intf
# -- Compiling module axi_serializer
# -- Compiling module axi_serializer_intf
# -- Compiling module axi_cdc
# -- Compiling module axi_cdc_intf
# -- Compiling module axi_lite_cdc_intf
# -- Compiling module axi_err_slv
# -- Compiling module axi_dw_converter
# -- Compiling module axi_dw_converter_intf
# -- Compiling module axi_id_serialize
# -- Compiling module axi_id_serialize_intf
# -- Compiling module axi_multicut
# -- Compiling module axi_multicut_intf
# -- Compiling module axi_lite_multicut_intf
# -- Compiling module axi_to_axi_lite
# -- Compiling module axi_to_axi_lite_id_reflect
# -- Compiling module axi_to_axi_lite_intf
# -- Compiling module axi_iw_converter
# -- Compiling module axi_iw_converter_intf
# -- Compiling module axi_lite_xbar
# ** Warning: /home/users/i77031/Work/AXI_adv/axi/src/axi_lite_xbar.sv(44): (vlog-13314) Defaulting port 'default_mst_port_i' kind to 'var' rather than 'wire' due to default compile option setting of -svinputport=relaxed.
# -- Compiling module axi_lite_xbar_intf
# ** Warning: /home/users/i77031/Work/AXI_adv/axi/src/axi_lite_xbar.sv(253): (vlog-13314) Defaulting port 'default_mst_port_i' kind to 'var' rather than 'wire' due to default compile option setting of -svinputport=relaxed.
# -- Compiling module axi_xbar
# ** Warning: /home/users/i77031/Work/AXI_adv/axi/src/axi_xbar.sv(90): (vlog-13314) Defaulting port 'default_mst_port_i' kind to 'var' rather than 'wire' due to default compile option setting of -svinputport=relaxed.
# -- Compiling module axi_xbar_intf
# ** Warning: /home/users/i77031/Work/AXI_adv/axi/src/axi_xbar.sv(192): (vlog-13314) Defaulting port 'default_mst_port_i' kind to 'var' rather than 'wire' due to default compile option setting of -svinputport=relaxed.
# -- Compiling module axi_lite_from_mem
# 
# Top level modules:
# 	axi_atop_filter_intf
# 	axi_cdc_dst_intf
# 	axi_lite_cdc_dst_intf
# 	axi_cdc_src_intf
# 	axi_lite_cdc_src_intf
# 	axi_cut_intf
# 	axi_lite_cut_intf
# 	axi_delayer_intf
# 	axi_demux_intf
# 	axi_id_remap_intf
# 	axi_isolate_intf
# 	axi_join_intf
# 	axi_lite_demux_intf
# 	axi_lite_join_intf
# 	axi_lite_mailbox_intf
# 	axi_lite_mux_intf
# 	axi_lite_regs_intf
# 	axi_lite_to_apb_intf
# 	axi_lite_to_axi_intf
# 	axi_modify_address_intf
# 	axi_mux_intf
# 	axi_serializer_intf
# 	axi_cdc_intf
# 	axi_lite_cdc_intf
# 	axi_dw_converter_intf
# 	axi_id_serialize_intf
# 	axi_multicut_intf
# 	axi_lite_multicut_intf
# 	axi_to_axi_lite_intf
# 	axi_iw_converter_intf
# 	axi_lite_xbar_intf
# 	axi_xbar_intf
# 	axi_lite_from_mem
# End time: 22:17:34 on Dec 08,2025, Elapsed time: 0:00:01
# Errors: 0, Warnings: 4
# QuestaSim vlog 2024.3 Compiler 2024.09 Sep 10 2024
# Start time: 22:17:34 on Dec 08,2025
# vlog -sv "+incdir+/home/users/i77031/Work/AXI_adv/axi/include" "+incdir+/home/users/i77031/Work/AXI_adv/common_cells/src" /home/users/i77031/Work/AXI_adv/tb/axi_lite_regs_tb_top.sv 
# -- Compiling module axi_lite_regs_top
# -- Importing package axi_pkg
# -- Compiling module axi_lite_regs_tb_top
# 
# Top level modules:
# 	axi_lite_regs_tb_top
# End time: 22:17:34 on Dec 08,2025, Elapsed time: 0:00:00
# Errors: 0, Warnings: 0
# vsim -vopt axi_lite_regs_tb_top -do "run -all; quit -f" 
# Start time: 22:17:34 on Dec 08,2025
# ** Note: (vsim-3812) Design is being optimized...
# Support of the MGLS_LICENSE_FILE and LM_LICENSE_FILE licensing environment variables will be discontinued starting with the 2025.1 release. Please update to using the SALT_LICENSE_SERVER variable.
# Please contact Siemens EDA Customer Support (https://support.sw.siemens.com/) for assistance.
# //  Questa Sim
# //  Version 2024.3 linux Sep 10 2024
# //
# // Unpublished work. Copyright 2024 Siemens
# //
# // This material contains trade secrets or otherwise confidential information
# // owned by Siemens Industry Software Inc. or its affiliates (collectively,
# // "SISW"), or its licensors. Access to and use of this information is strictly
# // limited as set forth in the Customer's applicable agreements with SISW.
# //
# // This material may not be copied, distributed, or otherwise disclosed outside
# // of the Customer's facilities without the express written permission of SISW,
# // and may not be used in any way not expressly authorized by SISW.
# //
# Loading sv_std.std
# Loading work.cf_math_pkg(fast)
# Loading work.axi_pkg(fast)
# Loading work.axi_lite_regs_tb_top(fast)
# Loading work.addr_decode(fast)
# run -all
# [5000] Posedge of Clk
# [15000] Posedge of Clk
# [25000] Posedge of Clk
# [35000] Posedge of Clk
# [45000] Posedge of Clk
# [55000] Posedge of Clk
# [65000] Posedge of Clk
# [75000] Posedge of Clk
# [85000] Posedge of Clk
# [95000] Posedge of Clk
# [95000] AXI Slave write started
# reg writing = 0f
# reg writing = df
# reg writing = 20
# reg writing = 4a
# reg writing = 0f
# reg writing = df
# reg writing = 20
# reg writing = 4a
# Got AW Ready
# [105000] Posedge of Clk
# reg writing = 0f
# reg writing = df
# reg writing = 20
# reg writing = 4a
# Got W READY
# Got B Valid
# [115000] Posedge of Clk
# [125000] AXI Slave read started
# [125000] Posedge of Clk
# [135000] Posedge of Clk
# Rdata - 1243668239
# [145000] Posedge of Clk
# [155000] AXI Mem read finished: 0x4a20df0f
# [PASS] wrote 0x4a20df0f, read back same.
# [155000] Posedge of Clk
# [165000] Posedge of Clk
# [175000] Posedge of Clk
# [185000] Posedge of Clk
# [195000] Posedge of Clk
# [205000] Posedge of Clk
# [215000] Posedge of Clk
# [225000] Posedge of Clk
# [235000] Posedge of Clk
# [245000] Posedge of Clk
# ** Note: $finish    : /home/users/i77031/Work/AXI_adv/tb/axi_lite_regs_top.sv(181)
#    Time: 255 ns  Iteration: 0  Instance: /axi_lite_regs_tb_top/u_axi_lite_regs_top
# End time: 22:17:44 on Dec 08,2025, Elapsed time: 0:00:10
# Errors: 0, Warnings: 0
